// Jest Snapshot v1, https://goo.gl/fbAQLP

exports[`Tests for Title component should match snapshot 1`] = `
<Fragment>
  <h3
    className="greenH3"
  >
    The Title
  </h3>
  <h4
    className="redH4"
  >
    The SubTitle
  </h4>
</Fragment>
`;
